[2025-08-06 20:02:32,339][DL_COMM][INFO] - -------------------------------------------------------------------------
[2025-08-06 20:02:32,340][DL_COMM][INFO] - [CONFIG] Loading schema and validating user YAML
[2025-08-06 20:02:32,341][DL_COMM][INFO] - [DEBUG] Current working directory: /lus/eagle/projects/datascience_collab/mcim/workspace/DLcomm_benchmark/examples
[2025-08-06 20:02:32,341][DL_COMM][INFO] - [DEBUG] Script location: /lus/eagle/projects/datascience_collab/mcim/workspace/DLcomm_benchmark/dl_comm
[2025-08-06 20:02:32,341][DL_COMM][INFO] - [DEBUG] Implementations to run: ['simple-allreduce']
[2025-08-06 20:02:32,341][DL_COMM][INFO] - [DEBUG] Config loaded successfully
[2025-08-06 20:02:32,341][DL_COMM][INFO] - 
[2025-08-06 20:02:32,341][DL_COMM][INFO] - [SYSTEM] Collecting environment information...
[2025-08-06 20:02:32,341][DL_COMM][INFO] - [SYSTEM] ======================================================
[2025-08-06 20:02:32,341][DL_COMM][INFO] - [SYSTEM] PyTorch version: 2.3.0
[2025-08-06 20:02:33,757][DL_COMM][INFO] - [SYSTEM] CUDA used to build PyTorch: 12.4
[2025-08-06 20:02:33,757][DL_COMM][INFO] - 
[2025-08-06 20:02:33,763][DL_COMM][INFO] - [SYSTEM] OS: Linux-5.14.21-150500.55.49-default-x86_64-with-glibc2.31
[2025-08-06 20:02:33,768][DL_COMM][INFO] - [SYSTEM] GCC version: gcc (SUSE Linux) 7.5.0
[2025-08-06 20:02:33,768][DL_COMM][INFO] - 
[2025-08-06 20:02:33,768][DL_COMM][INFO] - [SYSTEM] Python version: 3.11.8 | packaged by conda-forge | (main, Feb 16 2024, 20:53:32) [GCC 12.3.0]
[2025-08-06 20:02:33,769][DL_COMM][INFO] - [SYSTEM] Python platform: Linux-5.14.21-150500.55.49-default-x86_64-with-glibc2.31
[2025-08-06 20:02:33,769][DL_COMM][INFO] - [SYSTEM] Is CUDA available: True
[2025-08-06 20:02:33,769][DL_COMM][INFO] - [SYSTEM] CUDA runtime version: 12.4
[2025-08-06 20:02:33,769][DL_COMM][INFO] - [SYSTEM] GPU models and configuration:
[2025-08-06 20:02:33,834][DL_COMM][INFO] - [SYSTEM] GPU 0: NVIDIA A100-SXM4-40GB (39.4 GB)
[2025-08-06 20:02:33,834][DL_COMM][INFO] - [SYSTEM] GPU 1: NVIDIA A100-SXM4-40GB (39.4 GB)
[2025-08-06 20:02:33,834][DL_COMM][INFO] - [SYSTEM] GPU 2: NVIDIA A100-SXM4-40GB (39.4 GB)
[2025-08-06 20:02:33,834][DL_COMM][INFO] - [SYSTEM] GPU 3: NVIDIA A100-SXM4-40GB (39.4 GB)
[2025-08-06 20:02:33,834][DL_COMM][INFO] - 
[2025-08-06 20:02:33,834][DL_COMM][INFO] - [SYSTEM] Distributed Backend Availability:
[2025-08-06 20:02:33,834][DL_COMM][INFO] - [SYSTEM] NCCL backend available: True
[2025-08-06 20:02:33,834][DL_COMM][INFO] - [SYSTEM] MPI backend available: True
[2025-08-06 20:02:33,834][DL_COMM][INFO] - [SYSTEM] XCCL backend available: Unknown (API not available)
[2025-08-06 20:02:33,834][DL_COMM][INFO] - 
[2025-08-06 20:02:33,834][DL_COMM][INFO] - [SYSTEM] Versions of relevant libraries:
[2025-08-06 20:02:33,835][DL_COMM][INFO] - [SYSTEM] numpy: 1.26.4
[2025-08-06 20:02:33,835][DL_COMM][INFO] - [SYSTEM] mpi4py: 3.1.6
[2025-08-06 20:02:33,835][DL_COMM][INFO] - [SYSTEM] hydra-core: 1.3.2
[2025-08-06 20:02:33,835][DL_COMM][INFO] - [SYSTEM] omegaconf: 2.3.0
[2025-08-06 20:02:33,835][DL_COMM][INFO] - [SYSTEM] oneccl_bindings_for_pytorch: Not available
[2025-08-06 20:02:33,836][DL_COMM][INFO] - [SYSTEM] intel_extension_for_pytorch: Not available
[2025-08-06 20:02:33,836][DL_COMM][INFO] - [SYSTEM] NCCL version: 2.20.5
[2025-08-06 20:02:33,836][DL_COMM][INFO] - 
[2025-08-06 20:02:33,836][DL_COMM][INFO] - [SYSTEM] Relevant Environment Variables:
[2025-08-06 20:02:33,836][DL_COMM][INFO] - [SYSTEM] CCL_ATL_SHM                    = 1
[2025-08-06 20:02:33,836][DL_COMM][INFO] - [SYSTEM] CCL_ATL_TRANSPORT              = ofi
[2025-08-06 20:02:33,836][DL_COMM][INFO] - [SYSTEM] CCL_ENABLE_AUTO_CACHE          = 1
[2025-08-06 20:02:33,836][DL_COMM][INFO] - [SYSTEM] CCL_ENABLE_PROFILING           = 1
[2025-08-06 20:02:33,836][DL_COMM][INFO] - [SYSTEM] CCL_KVS_CONNECTION_TIMEOUT     = 600
[2025-08-06 20:02:33,836][DL_COMM][INFO] - [SYSTEM] CCL_KVS_MODE                   = mpi
[2025-08-06 20:02:33,836][DL_COMM][INFO] - [SYSTEM] CCL_LOG_LEVEL                  = info
[2025-08-06 20:02:33,837][DL_COMM][INFO] - [SYSTEM] CCL_OP_SYNC                    = 1
[2025-08-06 20:02:33,837][DL_COMM][INFO] - [SYSTEM] CCL_PROCESS_LAUNCHER           = pmix
[2025-08-06 20:02:33,837][DL_COMM][INFO] - [SYSTEM] CUDA_HOME                      = /soft/compilers/cudatoolkit/cuda-12.4.1/
[2025-08-06 20:02:33,837][DL_COMM][INFO] - [SYSTEM] CUDA_MODULE_LOADING            = LAZY
[2025-08-06 20:02:33,837][DL_COMM][INFO] - [SYSTEM] CUDA_PATH                      = /soft/compilers/cudatoolkit/cuda-12.4.1/
[2025-08-06 20:02:33,837][DL_COMM][INFO] - [SYSTEM] CUDA_TOOLKIT_BASE              = /soft/compilers/cudatoolkit/cuda-12.4.1/
[2025-08-06 20:02:33,837][DL_COMM][INFO] - [SYSTEM] MPI4JAX_USE_CUDA_MPI           = 1
[2025-08-06 20:02:33,837][DL_COMM][INFO] - [SYSTEM] TORCH_CUDA_ARCH_LIST           = 8.0
[2025-08-06 20:02:33,837][DL_COMM][INFO] - [SYSTEM] ======================================================
[2025-08-06 20:02:33,837][DL_COMM][INFO] - 
[2025-08-06 20:02:33,855][DL_COMM][INFO] - 
[2025-08-06 20:02:33,856][DL_COMM][INFO] - [MODE 1/1] ---------- FLATVIEW ----------
[2025-08-06 20:02:33,856][DL_COMM][INFO] - 
[2025-08-06 20:02:33,856][DL_COMM][INFO] - 
[2025-08-06 20:02:33,856][DL_COMM][INFO] - [CONFIG] Setup
[2025-08-06 20:02:33,856][DL_COMM][INFO] - [CONFIG] ------------------------------------------------------
[2025-08-06 20:02:33,856][DL_COMM][INFO] - [CONFIG] Implementation       : simple-allreduce
[2025-08-06 20:02:33,857][DL_COMM][INFO] - [CONFIG] Framework            : pytorch
[2025-08-06 20:02:33,857][DL_COMM][INFO] - [CONFIG] Backend              : nccl
[2025-08-06 20:02:33,857][DL_COMM][INFO] - [CONFIG] Use Profiler         : unitrace
[2025-08-06 20:02:33,857][DL_COMM][INFO] - [CONFIG] Barrier Enabled      : True
[2025-08-06 20:02:33,857][DL_COMM][INFO] - [CONFIG] World Size           : 4
[2025-08-06 20:02:33,857][DL_COMM][INFO] - [CONFIG] ------------------------------------------------------
[2025-08-06 20:02:33,857][DL_COMM][INFO] - 
[2025-08-06 20:02:33,857][DL_COMM][INFO] - [CONFIG] Communication Group
[2025-08-06 20:02:33,857][DL_COMM][INFO] - [CONFIG] ------------------------------------------------------
[2025-08-06 20:02:33,857][DL_COMM][INFO] - [CONFIG] Mode                 : flatview
[2025-08-06 20:02:33,857][DL_COMM][INFO] - [CONFIG] Topology             : 1 nodes x 4 GPUs
[2025-08-06 20:02:33,857][DL_COMM][INFO] - [CONFIG] ------------------------------------------------------
[2025-08-06 20:02:33,857][DL_COMM][INFO] - 
[2025-08-06 20:02:33,858][DL_COMM][INFO] - [CONFIG] Communication Group Details
[2025-08-06 20:02:33,858][DL_COMM][INFO] - [CONFIG] ------------------------------------------------------
[2025-08-06 20:02:33,858][DL_COMM][INFO] - [CONFIG] Collective Name      : allreduce
[2025-08-06 20:02:33,858][DL_COMM][INFO] - [CONFIG] Operation            : sum
[2025-08-06 20:02:33,858][DL_COMM][INFO] - [CONFIG] Scale Up Algorithm   : default
[2025-08-06 20:02:33,858][DL_COMM][INFO] - [CONFIG] Scale Out Algorithm  : default
[2025-08-06 20:02:33,858][DL_COMM][INFO] - [CONFIG] Data Type            : float32
[2025-08-06 20:02:33,858][DL_COMM][INFO] - [CONFIG] Element Count        : 262144
[2025-08-06 20:02:33,858][DL_COMM][INFO] - [CONFIG] Buffer Size          : 1MB (1048576 bytes)
[2025-08-06 20:02:33,858][DL_COMM][INFO] - [CONFIG] Iterations           : 5
[2025-08-06 20:02:33,858][DL_COMM][INFO] - [CONFIG] Verify Correctness   : True
[2025-08-06 20:02:33,858][DL_COMM][INFO] - [CONFIG] ------------------------------------------------------
[2025-08-06 20:02:33,859][DL_COMM][INFO] - 
[2025-08-06 20:02:33,859][DL_COMM][INFO] - [COMM][CONFIG] Flatview: 1 nodes, 4 GPUs per node, Device IDs: [0, 1, 2, 3]
[2025-08-06 20:02:33,859][DL_COMM][INFO] - 
[2025-08-06 20:02:33,859][DL_COMM][INFO] - [COMM][GROUP CREATION] Flatview groups:
[2025-08-06 20:02:33,859][DL_COMM][INFO] - [COMM][GROUP CREATION][Flatview] Ranks: [0, 1, 2, 3], Required GPUs: [0, 1, 2, 3], Logging: rank 0
[2025-08-06 20:02:34,770][DL_COMM][OUTPUT] - 
[2025-08-06 20:02:34,770][DL_COMM][OUTPUT] - [TIMERS - SETUP] -------------------------------------------
[2025-08-06 20:02:34,770][DL_COMM][OUTPUT] - [TIMERS][LOGGING RANK - 0] import time              = 0.000005 s
[2025-08-06 20:02:34,770][DL_COMM][OUTPUT] - [TIMERS][LOGGING RANK - 0] init time                = 0.016475 s
[2025-08-06 20:02:34,771][DL_COMM][OUTPUT] - [TIMERS - SETUP] -------------------------------------------
[2025-08-06 20:02:34,771][DL_COMM][OUTPUT] - 
[2025-08-06 20:02:34,771][DL_COMM][OUTPUT] - [MPI] Launching profiling job
[2025-08-06 20:02:34,771][DL_COMM][INFO] - 
[2025-08-06 20:02:34,771][DL_COMM][INFO] -   [WARMUP] Running 2 warmup iterations...
[2025-08-06 20:02:35,019][DL_COMM][INFO] -   [WARMUP] Warmup completed, starting timed iterations...
[2025-08-06 20:02:35,020][DL_COMM][INFO] - 
NCCL version 2.20.5+cuda12.4
x3005c0s7b0n0:2165718:2166000 [0] NCCL INFO   Algorithm   |                            Tree                  |                            Ring                  |                   CollNetDirect                  |
x3005c0s7b0n0:2165718:2166000 [0] NCCL INFO   Protocol    |             LL |          LL128 |         Simple |             LL |          LL128 |         Simple |             LL |          LL128 |         Simple |
x3005c0s7b0n0:2165718:2166000 [0] NCCL INFO  Max NThreads |            512 |            640 |            512 |            512 |            640 |            512 |              0 |              0 |            640 |
x3005c0s7b0n0:2165718:2166000 [0] NCCL INFO     Broadcast |     0.0/   0.0 |     0.0/   0.0 |     0.0/   0.0 |     9.0/  80.0 |    21.6/ 220.8 |   120.4/ 240.0 |     0.0/   0.0 |     0.0/   0.0 |     0.0/   0.0 |
x3005c0s7b0n0:2165718:2166000 [0] NCCL INFO        Reduce |     0.0/   0.0 |     0.0/   0.0 |     0.0/   0.0 |     9.0/  60.0 |    21.6/ 220.8 |   120.4/ 240.0 |     0.0/   0.0 |     0.0/   0.0 |     0.0/   0.0 |
x3005c0s7b0n0:2165718:2166000 [0] NCCL INFO     AllGather |     0.0/   0.0 |     0.0/   0.0 |     0.0/   0.0 |     8.4/ 106.7 |    19.7/ 294.4 |    18.6/ 320.0 |     2.4/   0.0 |     2.4/   0.0 |    40.8/   0.0 |
x3005c0s7b0n0:2165718:2166000 [0] NCCL INFO ReduceScatter |     0.0/   0.0 |     0.0/   0.0 |     0.0/   0.0 |     8.4/ 106.7 |    19.7/ 294.4 |    18.6/ 320.0 |     2.4/   0.0 |     2.4/   0.0 |    40.8/   0.0 |
x3005c0s7b0n0:2165718:2166000 [0] NCCL INFO     AllReduce |    10.4/  29.1 |    21.5/  85.9 |   168.0/ 110.4 |    10.2/  40.0 |    25.4/ 147.2 |    28.8/ 160.0 |     2.4/   0.0 |     2.4/   0.0 |    40.8/   0.0 |
x3005c0s7b0n0:2165718:2166000 [0] NCCL INFO   Algorithm   |                    CollNetChain                  |                            NVLS                  |                        NVLSTree                  |
x3005c0s7b0n0:2165718:2166000 [0] NCCL INFO   Protocol    |             LL |          LL128 |         Simple |             LL |          LL128 |         Simple |             LL |          LL128 |         Simple |
x3005c0s7b0n0:2165718:2166000 [0] NCCL INFO  Max NThreads |              0 |              0 |            640 |              0 |              0 |            640 |              0 |              0 |            640 |
x3005c0s7b0n0:2165718:2166000 [0] NCCL INFO     Broadcast |     0.0/   0.0 |     0.0/   0.0 |     0.0/   0.0 |     0.0/   0.0 |     0.0/   0.0 |     0.0/   0.0 |     0.0/   0.0 |     0.0/   0.0 |     0.0/   0.0 |
x3005c0s7b0n0:2165718:2166000 [0] NCCL INFO        Reduce |     0.0/   0.0 |     0.0/   0.0 |     0.0/   0.0 |     0.0/   0.0 |     0.0/   0.0 |     0.0/   0.0 |     0.0/   0.0 |     0.0/   0.0 |     0.0/   0.0 |
x3005c0s7b0n0:2165718:2166000 [0] NCCL INFO     AllGather |     0.0/   0.0 |     0.0/   0.0 |     0.0/   0.0 |     0.0/   0.0 |     0.0/   0.0 |     0.0/   0.0 |     0.0/   0.0 |     0.0/   0.0 |     0.0/   0.0 |
x3005c0s7b0n0:2165718:2166000 [0] NCCL INFO ReduceScatter |     0.0/   0.0 |     0.0/   0.0 |     0.0/   0.0 |     0.0/   0.0 |     0.0/   0.0 |     0.0/   0.0 |     0.0/   0.0 |     0.0/   0.0 |     0.0/   0.0 |
x3005c0s7b0n0:2165718:2166000 [0] NCCL INFO     AllReduce |     0.0/   0.0 |     0.0/   0.0 |    46.8/   0.0 |     0.0/   0.0 |     0.0/   0.0 |     0.0/   0.0 |     0.0/   0.0 |     0.0/   0.0 |     0.0/   0.0 |
x3005c0s7b0n0:2165718:2165718 [0] NCCL INFO AllReduce: opCount 0 sendbuff 0x1521bf300200 recvbuff 0x1521bf300200 count 1 datatype 1 op 0 root 0 comm 0x55eed1b41bf0 [nranks=4] stream 0x55eed1b45730
x3005c0s7b0n0:2165718:2165718 [0] NCCL INFO 1 Bytes -> Algo 1 proto 0 time 10.200025
x3005c0s7b0n0:2165718:2165718 [0] NCCL INFO AllReduce: opCount 1 sendbuff 0x1521bf200000 recvbuff 0x1521bf200000 count 262144 datatype 7 op 0 root 0 comm 0x55eed1b41bf0 [nranks=4] stream 0x55eed1b45730
x3005c0s7b0n0:2165718:2165718 [0] NCCL INFO 1048576 Bytes -> Algo 1 proto 1 time 32.523476
x3005c0s7b0n0:2165718:2165718 [0] NCCL INFO AllReduce: opCount 2 sendbuff 0x1521bf300000 recvbuff 0x1521bf300000 count 1 datatype 1 op 0 root 0 comm 0x55eed1b41bf0 [nranks=4] stream 0x55eed1b45730
x3005c0s7b0n0:2165718:2165718 [0] NCCL INFO 1 Bytes -> Algo 1 proto 0 time 10.200025
x3005c0s7b0n0:2165720:2165720 [2] NCCL INFO AllReduce: opCount 0 sendbuff 0x1526e1300200 recvbuff 0x1526e1300200 count 1 datatype 1 op 0 root 0 comm 0x55a657fc5210 [nranks=4] stream 0x55a657fc2ef0
x3005c0s7b0n0:2165720:2165720 [2] NCCL INFO AllReduce: opCount 1 sendbuff 0x1526e1200000 recvbuff 0x1526e1200000 count 262144 datatype 7 op 0 root 0 comm 0x55a657fc5210 [nranks=4] stream 0x55a657fc2ef0
x3005c0s7b0n0:2165720:2165720 [2] NCCL INFO AllReduce: opCount 2 sendbuff 0x1526e1300000 recvbuff 0x1526e1300000 count 1 datatype 1 op 0 root 0 comm 0x55a657fc5210 [nranks=4] stream 0x55a657fc2ef0
x3005c0s7b0n0:2165719:2165719 [1] NCCL INFO AllReduce: opCount 0 sendbuff 0x148c11300200 recvbuff 0x148c11300200 count 1 datatype 1 op 0 root 0 comm 0x5622441342a0 [nranks=4] stream 0x562244131f80
x3005c0s7b0n0:2165719:2165719 [1] NCCL INFO AllReduce: opCount 1 sendbuff 0x148c11200000 recvbuff 0x148c11200000 count 262144 datatype 7 op 0 root 0 comm 0x5622441342a0 [nranks=4] stream 0x562244131f80
x3005c0s7b0n0:2165719:2165719 [1] NCCL INFO AllReduce: opCount 2 sendbuff 0x148c11300000 recvbuff 0x148c11300000 count 1 datatype 1 op 0 root 0 comm 0x5622441342a0 [nranks=4] stream 0x562244131f80
x3005c0s7b0n0:2165721:2165721 [3] NCCL INFO AllReduce: opCount 0 sendbuff 0x1511f3300200 recvbuff 0x1511f3300200 count 1 datatype 1 op 0 root 0 comm 0x55b5d1d06210 [nranks=4] stream 0x55b5d1d03ef0
x3005c0s7b0n0:2165721:2165721 [3] NCCL INFO AllReduce: opCount 1 sendbuff 0x1511f3200000 recvbuff 0x1511f3200000 count 262144 datatype 7 op 0 root 0 comm 0x55b5d1d06210 [nranks=4] stream 0x55b5d1d03ef0
x3005c0s7b0n0:2165721:2165721 [3] NCCL INFO AllReduce: opCount 2 sendbuff 0x1511f3300000 recvbuff 0x1511f3300000 count 1 datatype 1 op 0 root 0 comm 0x55b5d1d06210 [nranks=4] stream 0x55b5d1d03ef0
x3005c0s7b0n0:2165719:2165719 [1] NCCL INFO Send: opCount 3 sendbuff (nil) recvbuff 0x148c11300000 count 1 datatype 2 op 0 root 0 comm 0x5622441342a0 [nranks=4] stream 0x562244131f80
x3005c0s7b0n0:2165718:2165718 [0] NCCL INFO Recv: opCount 3 sendbuff (nil) recvbuff 0x1521bf300600 count 1 datatype 2 op 0 root 1 comm 0x55eed1b41bf0 [nranks=4] stream 0x55eed1b45730
x3005c0s7b0n0:2165718:2165718 [0] NCCL INFO Recv: opCount 3 sendbuff (nil) recvbuff 0x1521bf300800 count 1 datatype 2 op 0 root 2 comm 0x55eed1b41bf0 [nranks=4] stream 0x55eed1b45730
x3005c0s7b0n0:2165718:2165718 [0] NCCL INFO Recv: opCount 3 sendbuff (nil) recvbuff 0x1521bf300a00 count 1 datatype 2 op 0 root 3 comm 0x55eed1b41bf0 [nranks=4] stream 0x55eed1b45730
x3005c0s7b0n0:2165721:2165721 [3] NCCL INFO Send: opCount 3 sendbuff (nil) recvbuff 0x1511f3300000 count 1 datatype 2 op 0 root 0 comm 0x55b5d1d06210 [nranks=4] stream 0x55b5d1d03ef0
x3005c0s7b0n0:2165720:2165720 [2] NCCL INFO Send: opCount 3 sendbuff (nil) recvbuff 0x1526e1300000 count 1 datatype 2 op 0 root 0 comm 0x55a657fc5210 [nranks=4] stream 0x55a657fc2ef0
[2025-08-06 20:02:36,789][DL_COMM][OUTPUT] - [CORRECTNESS][Flatview-Group-All] AllReduce verification [PASSED] - All 4 ranks received correct values
x3005c0s7b0n0:2165718:2165718 [0] NCCL INFO AllReduce: opCount 4 sendbuff 0x1521bf300600 recvbuff 0x1521bf300600 count 1 datatype 1 op 0 root 0 comm 0x55eed1b41bf0 [nranks=4] stream 0x55eed1b45730
x3005c0s7b0n0:2165718:2165718 [0] NCCL INFO 1 Bytes -> Algo 1 proto 0 time 10.200025
x3005c0s7b0n0:2165719:2165719 [1] NCCL INFO AllReduce: opCount 4 sendbuff 0x148c11300600 recvbuff 0x148c11300600 count 1 datatype 1 op 0 root 0 comm 0x5622441342a0 [nranks=4] stream 0x562244131f80
x3005c0s7b0n0:2165719:2165719 [1] NCCL INFO AllReduce: opCount 5 sendbuff 0x148b99c00000 recvbuff 0x148b99c00000 count 262144 datatype 7 op 0 root 0 comm 0x5622441342a0 [nranks=4] stream 0x562244131f80
x3005c0s7b0n0:2165719:2165719 [1] NCCL INFO AllReduce: opCount 6 sendbuff 0x148c11300800 recvbuff 0x148c11300800 count 1 datatype 1 op 0 root 0 comm 0x5622441342a0 [nranks=4] stream 0x562244131f80
x3005c0s7b0n0:2165720:2165720 [2] NCCL INFO AllReduce: opCount 4 sendbuff 0x1526e1300600 recvbuff 0x1526e1300600 count 1 datatype 1 op 0 root 0 comm 0x55a657fc5210 [nranks=4] stream 0x55a657fc2ef0
x3005c0s7b0n0:2165720:2165720 [2] NCCL INFO AllReduce: opCount 5 sendbuff 0x152671c00000 recvbuff 0x152671c00000 count 262144 datatype 7 op 0 root 0 comm 0x55a657fc5210 [nranks=4] stream 0x55a657fc2ef0
x3005c0s7b0n0:2165720:2165720 [2] NCCL INFO AllReduce: opCount 6 sendbuff 0x1526e1300800 recvbuff 0x1526e1300800 count 1 datatype 1 op 0 root 0 comm 0x55a657fc5210 [nranks=4] stream 0x55a657fc2ef0
x3005c0s7b0n0:2165721:2165721 [3] NCCL INFO AllReduce: opCount 4 sendbuff 0x1511f3300600 recvbuff 0x1511f3300600 count 1 datatype 1 op 0 root 0 comm 0x55b5d1d06210 [nranks=4] stream 0x55b5d1d03ef0
x3005c0s7b0n0:2165721:2165721 [3] NCCL INFO AllReduce: opCount 5 sendbuff 0x151181c00000 recvbuff 0x151181c00000 count 262144 datatype 7 op 0 root 0 comm 0x55b5d1d06210 [nranks=4] stream 0x55b5d1d03ef0
x3005c0s7b0n0:2165721:2165721 [3] NCCL INFO AllReduce: opCount 6 sendbuff 0x1511f3300800 recvbuff 0x1511f3300800 count 1 datatype 1 op 0 root 0 comm 0x55b5d1d06210 [nranks=4] stream 0x55b5d1d03ef0
x3005c0s7b0n0:2165718:2165718 [0] NCCL INFO AllReduce: opCount 5 sendbuff 0x15216dc00000 recvbuff 0x15216dc00000 count 262144 datatype 7 op 0 root 0 comm 0x55eed1b41bf0 [nranks=4] stream 0x55eed1b45730
x3005c0s7b0n0:2165718:2165718 [0] NCCL INFO 1048576 Bytes -> Algo 1 proto 1 time 32.523476
x3005c0s7b0n0:2165718:2165718 [0] NCCL INFO AllReduce: opCount 6 sendbuff 0x1521bf300800 recvbuff 0x1521bf300800 count 1 datatype 1 op 0 root 0 comm 0x55eed1b41bf0 [nranks=4] stream 0x55eed1b45730
x3005c0s7b0n0:2165718:2165718 [0] NCCL INFO 1 Bytes -> Algo 1 proto 0 time 10.200025
x3005c0s7b0n0:2165718:2165718 [0] NCCL INFO AllReduce: opCount 7 sendbuff 0x1521bf300a00 recvbuff 0x1521bf300a00 count 1 datatype 1 op 0 root 0 comm 0x55eed1b41bf0 [nranks=4] stream 0x55eed1b45730
x3005c0s7b0n0:2165718:2165718 [0] NCCL INFO 1 Bytes -> Algo 1 proto 0 time 10.200025
x3005c0s7b0n0:2165719:2165719 [1] NCCL INFO AllReduce: opCount 7 sendbuff 0x148c11300a00 recvbuff 0x148c11300a00 count 1 datatype 1 op 0 root 0 comm 0x5622441342a0 [nranks=4] stream 0x562244131f80
x3005c0s7b0n0:2165719:2165719 [1] NCCL INFO AllReduce: opCount 8 sendbuff 0x148b99d00000 recvbuff 0x148b99d00000 count 262144 datatype 7 op 0 root 0 comm 0x5622441342a0 [nranks=4] stream 0x562244131f80
x3005c0s7b0n0:2165719:2165719 [1] NCCL INFO AllReduce: opCount 9 sendbuff 0x148c11300c00 recvbuff 0x148c11300c00 count 1 datatype 1 op 0 root 0 comm 0x5622441342a0 [nranks=4] stream 0x562244131f80
x3005c0s7b0n0:2165720:2165720 [2] NCCL INFO AllReduce: opCount 7 sendbuff 0x1526e1300a00 recvbuff 0x1526e1300a00 count 1 datatype 1 op 0 root 0 comm 0x55a657fc5210 [nranks=4] stream 0x55a657fc2ef0
x3005c0s7b0n0:2165720:2165720 [2] NCCL INFO AllReduce: opCount 8 sendbuff 0x152671d00000 recvbuff 0x152671d00000 count 262144 datatype 7 op 0 root 0 comm 0x55a657fc5210 [nranks=4] stream 0x55a657fc2ef0
x3005c0s7b0n0:2165720:2165720 [2] NCCL INFO AllReduce: opCount 9 sendbuff 0x1526e1300c00 recvbuff 0x1526e1300c00 count 1 datatype 1 op 0 root 0 comm 0x55a657fc5210 [nranks=4] stream 0x55a657fc2ef0
x3005c0s7b0n0:2165721:2165721 [3] NCCL INFO AllReduce: opCount 7 sendbuff 0x1511f3300a00 recvbuff 0x1511f3300a00 count 1 datatype 1 op 0 root 0 comm 0x55b5d1d06210 [nranks=4] stream 0x55b5d1d03ef0
x3005c0s7b0n0:2165721:2165721 [3] NCCL INFO AllReduce: opCount 8 sendbuff 0x151181d00000 recvbuff 0x151181d00000 count 262144 datatype 7 op 0 root 0 comm 0x55b5d1d06210 [nranks=4] stream 0x55b5d1d03ef0
x3005c0s7b0n0:2165721:2165721 [3] NCCL INFO AllReduce: opCount 9 sendbuff 0x1511f3300c00 recvbuff 0x1511f3300c00 count 1 datatype 1 op 0 root 0 comm 0x55b5d1d06210 [nranks=4] stream 0x55b5d1d03ef0
x3005c0s7b0n0:2165718:2165718 [0] NCCL INFO AllReduce: opCount 8 sendbuff 0x15216dd00000 recvbuff 0x15216dd00000 count 262144 datatype 7 op 0 root 0 comm 0x55eed1b41bf0 [nranks=4] stream 0x55eed1b45730
x3005c0s7b0n0:2165718:2165718 [0] NCCL INFO 1048576 Bytes -> Algo 1 proto 1 time 32.523476
x3005c0s7b0n0:2165718:2165718 [0] NCCL INFO AllReduce: opCount 9 sendbuff 0x1521bf300c00 recvbuff 0x1521bf300c00 count 1 datatype 1 op 0 root 0 comm 0x55eed1b41bf0 [nranks=4] stream 0x55eed1b45730
x3005c0s7b0n0:2165718:2165718 [0] NCCL INFO 1 Bytes -> Algo 1 proto 0 time 10.200025
x3005c0s7b0n0:2165718:2165718 [0] NCCL INFO AllReduce: opCount a sendbuff 0x1521bf300e00 recvbuff 0x1521bf300e00 count 1 datatype 1 op 0 root 0 comm 0x55eed1b41bf0 [nranks=4] stream 0x55eed1b45730
x3005c0s7b0n0:2165718:2165718 [0] NCCL INFO 1 Bytes -> Algo 1 proto 0 time 10.200025
x3005c0s7b0n0:2165719:2165719 [1] NCCL INFO AllReduce: opCount a sendbuff 0x148c11300e00 recvbuff 0x148c11300e00 count 1 datatype 1 op 0 root 0 comm 0x5622441342a0 [nranks=4] stream 0x562244131f80
x3005c0s7b0n0:2165719:2165719 [1] NCCL INFO AllReduce: opCount b sendbuff 0x148b99c00000 recvbuff 0x148b99c00000 count 262144 datatype 7 op 0 root 0 comm 0x5622441342a0 [nranks=4] stream 0x562244131f80
x3005c0s7b0n0:2165719:2165719 [1] NCCL INFO AllReduce: opCount c sendbuff 0x148c11301000 recvbuff 0x148c11301000 count 1 datatype 1 op 0 root 0 comm 0x5622441342a0 [nranks=4] stream 0x562244131f80
x3005c0s7b0n0:2165720:2165720 [2] NCCL INFO AllReduce: opCount a sendbuff 0x1526e1300e00 recvbuff 0x1526e1300e00 count 1 datatype 1 op 0 root 0 comm 0x55a657fc5210 [nranks=4] stream 0x55a657fc2ef0
x3005c0s7b0n0:2165720:2165720 [2] NCCL INFO AllReduce: opCount b sendbuff 0x152671c00000 recvbuff 0x152671c00000 count 262144 datatype 7 op 0 root 0 comm 0x55a657fc5210 [nranks=4] stream 0x55a657fc2ef0
x3005c0s7b0n0:2165720:2165720 [2] NCCL INFO AllReduce: opCount c sendbuff 0x1526e1301000 recvbuff 0x1526e1301000 count 1 datatype 1 op 0 root 0 comm 0x55a657fc5210 [nranks=4] stream 0x55a657fc2ef0
x3005c0s7b0n0:2165721:2165721 [3] NCCL INFO AllReduce: opCount a sendbuff 0x1511f3300e00 recvbuff 0x1511f3300e00 count 1 datatype 1 op 0 root 0 comm 0x55b5d1d06210 [nranks=4] stream 0x55b5d1d03ef0
x3005c0s7b0n0:2165721:2165721 [3] NCCL INFO AllReduce: opCount b sendbuff 0x151181c00000 recvbuff 0x151181c00000 count 262144 datatype 7 op 0 root 0 comm 0x55b5d1d06210 [nranks=4] stream 0x55b5d1d03ef0
x3005c0s7b0n0:2165721:2165721 [3] NCCL INFO AllReduce: opCount c sendbuff 0x1511f3301000 recvbuff 0x1511f3301000 count 1 datatype 1 op 0 root 0 comm 0x55b5d1d06210 [nranks=4] stream 0x55b5d1d03ef0
x3005c0s7b0n0:2165718:2165718 [0] NCCL INFO AllReduce: opCount b sendbuff 0x15216dc00000 recvbuff 0x15216dc00000 count 262144 datatype 7 op 0 root 0 comm 0x55eed1b41bf0 [nranks=4] stream 0x55eed1b45730
x3005c0s7b0n0:2165718:2165718 [0] NCCL INFO 1048576 Bytes -> Algo 1 proto 1 time 32.523476
x3005c0s7b0n0:2165718:2165718 [0] NCCL INFO AllReduce: opCount c sendbuff 0x1521bf301000 recvbuff 0x1521bf301000 count 1 datatype 1 op 0 root 0 comm 0x55eed1b41bf0 [nranks=4] stream 0x55eed1b45730
x3005c0s7b0n0:2165718:2165718 [0] NCCL INFO 1 Bytes -> Algo 1 proto 0 time 10.200025
x3005c0s7b0n0:2165718:2165718 [0] NCCL INFO AllReduce: opCount d sendbuff 0x1521bf301200 recvbuff 0x1521bf301200 count 1 datatype 1 op 0 root 0 comm 0x55eed1b41bf0 [nranks=4] stream 0x55eed1b45730
x3005c0s7b0n0:2165718:2165718 [0] NCCL INFO 1 Bytes -> Algo 1 proto 0 time 10.200025
x3005c0s7b0n0:2165719:2165719 [1] NCCL INFO AllReduce: opCount d sendbuff 0x148c11301200 recvbuff 0x148c11301200 count 1 datatype 1 op 0 root 0 comm 0x5622441342a0 [nranks=4] stream 0x562244131f80
x3005c0s7b0n0:2165720:2165720 [2] NCCL INFO AllReduce: opCount d sendbuff 0x1526e1301200 recvbuff 0x1526e1301200 count 1 datatype 1 op 0 root 0 comm 0x55a657fc5210 [nranks=4] stream 0x55a657fc2ef0
x3005c0s7b0n0:2165720:2165720 [2] NCCL INFO AllReduce: opCount e sendbuff 0x152671d00000 recvbuff 0x152671d00000 count 262144 datatype 7 op 0 root 0 comm 0x55a657fc5210 [nranks=4] stream 0x55a657fc2ef0
x3005c0s7b0n0:2165720:2165720 [2] NCCL INFO AllReduce: opCount f sendbuff 0x1526e1301400 recvbuff 0x1526e1301400 count 1 datatype 1 op 0 root 0 comm 0x55a657fc5210 [nranks=4] stream 0x55a657fc2ef0
x3005c0s7b0n0:2165721:2165721 [3] NCCL INFO AllReduce: opCount d sendbuff 0x1511f3301200 recvbuff 0x1511f3301200 count 1 datatype 1 op 0 root 0 comm 0x55b5d1d06210 [nranks=4] stream 0x55b5d1d03ef0
x3005c0s7b0n0:2165721:2165721 [3] NCCL INFO AllReduce: opCount e sendbuff 0x151181d00000 recvbuff 0x151181d00000 count 262144 datatype 7 op 0 root 0 comm 0x55b5d1d06210 [nranks=4] stream 0x55b5d1d03ef0
x3005c0s7b0n0:2165721:2165721 [3] NCCL INFO AllReduce: opCount f sendbuff 0x1511f3301400 recvbuff 0x1511f3301400 count 1 datatype 1 op 0 root 0 comm 0x55b5d1d06210 [nranks=4] stream 0x55b5d1d03ef0
x3005c0s7b0n0:2165718:2165718 [0] NCCL INFO AllReduce: opCount e sendbuff 0x15216dd00000 recvbuff 0x15216dd00000 count 262144 datatype 7 op 0 root 0 comm 0x55eed1b41bf0 [nranks=4] stream 0x55eed1b45730
x3005c0s7b0n0:2165718:2165718 [0] NCCL INFO 1048576 Bytes -> Algo 1 proto 1 time 32.523476
x3005c0s7b0n0:2165718:2165718 [0] NCCL INFO AllReduce: opCount f sendbuff 0x1521bf301400 recvbuff 0x1521bf301400 count 1 datatype 1 op 0 root 0 comm 0x55eed1b41bf0 [nranks=4] stream 0x55eed1b45730
x3005c0s7b0n0:2165718:2165718 [0] NCCL INFO 1 Bytes -> Algo 1 proto 0 time 10.200025
[2025-08-06 20:02:36,799][DL_COMM][OUTPUT] - 
[2025-08-06 20:02:36,799][DL_COMM][OUTPUT] - [TIMERS] -------------------------------------------
x3005c0s7b0n0:2165719:2165719 [1] NCCL INFO AllReduce: opCount e sendbuff 0x148b99d00000 recvbuff 0x148b99d00000 count 262144 datatype 7 op 0 root 0 comm 0x5622441342a0 [nranks=4] stream 0x562244131f80
x3005c0s7b0n0:2165719:2165719 [1] NCCL INFO AllReduce: opCount f sendbuff 0x148c11301400 recvbuff 0x148c11301400 count 1 datatype 1 op 0 root 0 comm 0x5622441342a0 [nranks=4] stream 0x562244131f80
[2025-08-06 20:02:36,799][DL_COMM][OUTPUT] - 
[2025-08-06 20:02:36,799][DL_COMM][INFO] -   [TIMERS] [BARRIER ENABLED] Timing measurements used MPI barriers for synchronization
[2025-08-06 20:02:36,799][DL_COMM][OUTPUT] - 
[2025-08-06 20:02:36,799][DL_COMM][OUTPUT] - [TIMERS] ITERATION TABLE FOR ALLREDUCE:
[2025-08-06 20:02:36,799][DL_COMM][OUTPUT] - Iteration        (Flatview)     
[2025-08-06 20:02:36,799][DL_COMM][OUTPUT] -               LOGGING RANK - 0  
[2025-08-06 20:02:36,800][DL_COMM][OUTPUT] - --------------------------------
[2025-08-06 20:02:36,800][DL_COMM][OUTPUT] - 0                 0.001548      
[2025-08-06 20:02:36,800][DL_COMM][OUTPUT] - 1                 0.000169      
[2025-08-06 20:02:36,800][DL_COMM][OUTPUT] - 2                 0.000117      
[2025-08-06 20:02:36,800][DL_COMM][OUTPUT] - 3                 0.000127      
[2025-08-06 20:02:36,800][DL_COMM][OUTPUT] - 4                 0.000164      
[2025-08-06 20:02:36,800][DL_COMM][OUTPUT] - --------------------------------
[2025-08-06 20:02:36,800][DL_COMM][OUTPUT] - 
[2025-08-06 20:02:36,800][DL_COMM][OUTPUT] - [TIMERS] -------------------------------------------
[2025-08-06 20:02:36,800][DL_COMM][OUTPUT] - 
[2025-08-06 20:02:36,800][DL_COMM][OUTPUT] - [BANDWIDTH] -------------------------------------------
[2025-08-06 20:02:36,800][DL_COMM][OUTPUT] - [BANDWIDTH] Communication Group Bandwidths:
[2025-08-06 20:02:36,801][DL_COMM][OUTPUT] - 
[2025-08-06 20:02:36,801][DL_COMM][OUTPUT] - [BANDWIDTH] Flatview:
[2025-08-06 20:02:36,801][DL_COMM][OUTPUT] - [BANDWIDTH]   Group Size     : 4 GPUs
[2025-08-06 20:02:36,801][DL_COMM][OUTPUT] - [BANDWIDTH]   Buffer Size    : 1048576 bytes
[2025-08-06 20:02:36,801][DL_COMM][OUTPUT] - [BANDWIDTH]   Time (iter 0)  : 0.001548 s
[2025-08-06 20:02:36,801][DL_COMM][OUTPUT] - [BANDWIDTH]   Bandwidth      : 2709691635 bytes/s
[2025-08-06 20:02:36,801][DL_COMM][OUTPUT] - [BANDWIDTH]   Logging Rank   : 0
[2025-08-06 20:02:36,801][DL_COMM][OUTPUT] - 
[2025-08-06 20:02:36,801][DL_COMM][OUTPUT] - [BANDWIDTH] -------------------------------------------
[2025-08-06 20:02:36,801][DL_COMM][OUTPUT] - 
[2025-08-06 20:02:36,801][DL_COMM][INFO] - -------------------------------------------------------------------------
[2025-08-06 20:02:36,801][DL_COMM][INFO] - [MPI] Job complete
[2025-08-06 20:02:36,801][DL_COMM][INFO] - -------------------------------------------------------------------------
[2025-08-06 20:02:36,801][DL_COMM][INFO] - Querying Default Table selection
[2025-08-06 20:02:36,851][DL_COMM][INFO] - [SELECTION] NCCL algorithm selections for allreduce:
[2025-08-06 20:02:36,851][DL_COMM][INFO] - [SELECTION] Algorithm: Ring (protocol: LL128) (user's selection: default)
[2025-08-06 20:02:36,851][DL_COMM][INFO] - -------------------------------------------------------------------------
[2025-08-06 20:02:36,851][DL_COMM][INFO] - [EXIT] All Done.
[2025-08-06 20:02:36,851][DL_COMM][INFO] - -------------------------------------------------------------------------
